[INFO] Scanning for projects...
[INFO] 
[INFO] --------------------< com.FightClub:Lobby-Service >---------------------
[INFO] Building Lobby-Service 0.0.1-SNAPSHOT
[INFO]   from pom.xml
[INFO] --------------------------------[ jar ]---------------------------------
[INFO] 
[INFO] --- clean:3.4.1:clean (default-clean) @ Lobby-Service ---
[INFO] Deleting C:\Users\range\OneDrive\Escritorio\fight club\lobby\Lobby-Service\target
[INFO] ------------------------------------------------------------------------
[INFO] BUILD FAILURE
[INFO] ------------------------------------------------------------------------
[INFO] Total time:  2.564 s
[INFO] Finished at: 2026-04-03T17:26:05-05:00
[INFO] ------------------------------------------------------------------------
[ERROR] Failed to execute goal org.apache.maven.plugins:maven-clean-plugin:3.4.1:clean (default-clean) on project Lobby-Service: Failed to clean project: Failed to delete C:\Users\range\OneDrive\Escritorio\fight club\lobby\Lobby-Service\target\classes\assets\pj1 -> [Help 1]
[ERROR] 
[ERROR] To see the full stack trace of the errors, re-run Maven with the -e switch.
[ERROR] Re-run Maven using the -X switch to enable full debug logging.
[ERROR] 
[ERROR] For more information about the errors and possible solutions, please read the following articles:
[ERROR] [Help 1] http://cwiki.apache.org/confluence/display/MAVEN/MojoExecutionException
