[INFO] Error stacktraces are turned on.
[INFO] Scanning for projects...
[INFO] 
[INFO] --------------------< com.FightClub:Lobby-Service >---------------------
[INFO] Building Lobby-Service 0.0.1-SNAPSHOT
[INFO]   from pom.xml
[INFO] --------------------------------[ jar ]---------------------------------
[INFO] 
[INFO] --- resources:3.3.1:resources (default-resources) @ Lobby-Service ---
[INFO] Copying 1 resource from src\main\resources to target\classes
[INFO] Copying 4 resources from src\main\resources to target\classes
[INFO] 
[INFO] --- compiler:3.11.0:compile (default-compile) @ Lobby-Service ---
[INFO] Nothing to compile - all classes are up to date
[INFO] 
[INFO] --- resources:3.3.1:testResources (default-testResources) @ Lobby-Service ---
[INFO] skip non existing resourceDirectory C:\Users\range\OneDrive\Escritorio\fight club\lobby\Lobby-Service\src\test\resources
[INFO] 
[INFO] --- compiler:3.11.0:testCompile (default-testCompile) @ Lobby-Service ---
[INFO] Nothing to compile - all classes are up to date
[INFO] 
[INFO] --- surefire:3.5.4:test (default-test) @ Lobby-Service ---
[INFO] Surefire report directory: C:\Users\range\OneDrive\Escritorio\fight club\lobby\Lobby-Service\target\surefire-reports
[INFO] Using auto detected provider org.apache.maven.surefire.junitplatform.JUnitPlatformProvider
[INFO] 
[INFO] -------------------------------------------------------
[INFO]  T E S T S
[INFO] -------------------------------------------------------
[INFO] Running com.FightClub.Lobby_Service.LobbyServiceApplicationTests
22:11:47.635 [main] INFO org.springframework.test.context.support.AnnotationConfigContextLoaderUtils -- Could not detect default configuration classes for test class [com.FightClub.Lobby_Service.LobbyServiceApplicationTests]: LobbyServiceApplicationTests does not declare any static, non-private, non-final, nested classes annotated with @Configuration.
22:11:47.854 [main] INFO org.springframework.boot.test.context.SpringBootTestContextBootstrapper -- Found @SpringBootConfiguration com.FightClub.Lobby_Service.LobbyServiceApplication for test class com.FightClub.Lobby_Service.LobbyServiceApplicationTests
22:11:48.141 [main] INFO org.springframework.boot.devtools.restart.RestartApplicationListener -- Restart disabled due to context in which it is running

  .   ____          _            __ _ _
 /\\ / ___'_ __ _ _(_)_ __  __ _ \ \ \ \
( ( )\___ | '_ | '_| | '_ \/ _` | \ \ \ \
 \\/  ___)| |_)| | | | | || (_| |  ) ) ) )
  '  |____| .__|_| |_|_| |_\__, | / / / /
 =========|_|==============|___/=/_/_/_/

 :: Spring Boot ::               (v3.5.11)

2026-04-01T22:11:48.628-05:00  INFO 23248 --- [Lobby-Service] [           main] c.F.L.LobbyServiceApplicationTests       : Starting LobbyServiceApplicationTests using Java 21.0.9 with PID 23248 (started by range in C:\Users\range\OneDrive\Escritorio\fight club\lobby\Lobby-Service)
2026-04-01T22:11:48.630-05:00  INFO 23248 --- [Lobby-Service] [           main] c.F.L.LobbyServiceApplicationTests       : No active profile set, falling back to 1 default profile: "default"
2026-04-01T22:11:50.938-05:00  INFO 23248 --- [Lobby-Service] [           main] .s.d.r.c.RepositoryConfigurationDelegate : Multiple Spring Data modules found, entering strict repository configuration mode
2026-04-01T22:11:50.940-05:00  INFO 23248 --- [Lobby-Service] [           main] .s.d.r.c.RepositoryConfigurationDelegate : Bootstrapping Spring Data MongoDB repositories in DEFAULT mode.
2026-04-01T22:11:51.295-05:00  INFO 23248 --- [Lobby-Service] [           main] .s.d.r.c.RepositoryConfigurationDelegate : Finished Spring Data repository scanning in 339 ms. Found 2 MongoDB repository interfaces.
2026-04-01T22:11:51.332-05:00  INFO 23248 --- [Lobby-Service] [           main] .s.d.r.c.RepositoryConfigurationDelegate : Multiple Spring Data modules found, entering strict repository configuration mode
2026-04-01T22:11:51.333-05:00  INFO 23248 --- [Lobby-Service] [           main] .s.d.r.c.RepositoryConfigurationDelegate : Bootstrapping Spring Data Redis repositories in DEFAULT mode.
2026-04-01T22:11:51.376-05:00  INFO 23248 --- [Lobby-Service] [           main] .RepositoryConfigurationExtensionSupport : Spring Data Redis - Could not safely identify store assignment for repository candidate interface com.FightClub.Lobby_Service.Infrastructure.Outbound.Persistence.MongoDB.Repository.CharacterMongoRepository; If you want this repository to be a Redis repository, consider annotating your entities with one of these annotations: org.springframework.data.redis.core.RedisHash (preferred), or consider extending one of the following types with your repository: org.springframework.data.keyvalue.repository.KeyValueRepository
2026-04-01T22:11:51.376-05:00  INFO 23248 --- [Lobby-Service] [           main] .RepositoryConfigurationExtensionSupport : Spring Data Redis - Could not safely identify store assignment for repository candidate interface com.FightClub.Lobby_Service.Infrastructure.Outbound.Persistence.MongoDB.Repository.UserCharacterMongoRepository; If you want this repository to be a Redis repository, consider annotating your entities with one of these annotations: org.springframework.data.redis.core.RedisHash (preferred), or consider extending one of the following types with your repository: org.springframework.data.keyvalue.repository.KeyValueRepository
2026-04-01T22:11:51.376-05:00  INFO 23248 --- [Lobby-Service] [           main] .s.d.r.c.RepositoryConfigurationDelegate : Finished Spring Data repository scanning in 28 ms. Found 0 Redis repository interfaces.
2026-04-01T22:11:52.729-05:00  INFO 23248 --- [Lobby-Service] [           main] org.mongodb.driver.client                : MongoClient with metadata {"driver": {"name": "mongo-java-driver|sync|spring-boot", "version": "5.5.2"}, "os": {"type": "Windows", "name": "Windows 11", "architecture": "amd64", "version": "10.0"}, "platform": "Java/Oracle Corporation/21.0.9+7-LTS-338"} created with settings MongoClientSettings{readPreference=primary, writeConcern=WriteConcern{w=majority, wTimeout=null ms, journal=null}, retryWrites=true, retryReads=true, readConcern=ReadConcern{level=null}, credential=MongoCredential{mechanism=null, userName='SantiagoS', source='admin', password=<hidden>, mechanismProperties=<hidden>}, transportSettings=null, commandListeners=[io.micrometer.core.instrument.binder.mongodb.MongoMetricsCommandListener@68a426c3], codecRegistry=ProvidersCodecRegistry{codecProviders=[ValueCodecProvider{}, BsonValueCodecProvider{}, DBRefCodecProvider{}, DBObjectCodecProvider{}, DocumentCodecProvider{}, CollectionCodecProvider{}, IterableCodecProvider{}, MapCodecProvider{}, GeoJsonCodecProvider{}, GridFSFileCodecProvider{}, Jsr310CodecProvider{}, JsonObjectCodecProvider{}, BsonCodecProvider{}, EnumCodecProvider{}, com.mongodb.client.model.mql.ExpressionCodecProvider@182cc69e, com.mongodb.Jep395RecordCodecProvider@12f51a65, com.mongodb.KotlinCodecProvider@7657d90b]}, loggerSettings=LoggerSettings{maxDocumentLength=1000}, clusterSettings={hosts=[127.0.0.1:27017], srvHost=baseproyecto.h5zdq2x.mongodb.net, srvServiceName=mongodb, mode=MULTIPLE, requiredClusterType=REPLICA_SET, requiredReplicaSetName='atlas-14lq7g-shard-0', serverSelector='null', clusterListeners='[]', serverSelectionTimeout='30000 ms', localThreshold='15 ms'}, socketSettings=SocketSettings{connectTimeoutMS=10000, readTimeoutMS=0, receiveBufferSize=0, proxySettings=ProxySettings{host=null, port=null, username=null, password=null}}, heartbeatSocketSettings=SocketSettings{connectTimeoutMS=10000, readTimeoutMS=10000, receiveBufferSize=0, proxySettings=ProxySettings{host=null, port=null, username=null, password=null}}, connectionPoolSettings=ConnectionPoolSettings{maxSize=100, minSize=0, maxWaitTimeMS=120000, maxConnectionLifeTimeMS=0, maxConnectionIdleTimeMS=0, maintenanceInitialDelayMS=0, maintenanceFrequencyMS=60000, connectionPoolListeners=[io.micrometer.core.instrument.binder.mongodb.MongoMetricsConnectionPoolListener@3f0c6b3c], maxConnecting=2}, serverSettings=ServerSettings{heartbeatFrequencyMS=10000, minHeartbeatFrequencyMS=500, serverMonitoringMode=AUTO, serverListeners='[]', serverMonitorListeners='[]'}, sslSettings=SslSettings{enabled=true, invalidHostNameAllowed=false, context=null}, applicationName='null', compressorList=[], uuidRepresentation=JAVA_LEGACY, serverApi=null, autoEncryptionSettings=null, dnsClient=null, inetAddressResolver=null, contextProvider=null, timeoutMS=null}
2026-04-01T22:11:52.819-05:00  INFO 23248 --- [Lobby-Service] [q2x.mongodb.net] org.mongodb.driver.cluster               : Adding discovered server ac-i8ebj3a-shard-00-01.h5zdq2x.mongodb.net:27017 to client view of cluster
2026-04-01T22:11:52.854-05:00  INFO 23248 --- [Lobby-Service] [q2x.mongodb.net] org.mongodb.driver.cluster               : Adding discovered server ac-i8ebj3a-shard-00-00.h5zdq2x.mongodb.net:27017 to client view of cluster
2026-04-01T22:11:52.857-05:00  INFO 23248 --- [Lobby-Service] [q2x.mongodb.net] org.mongodb.driver.cluster               : Adding discovered server ac-i8ebj3a-shard-00-02.h5zdq2x.mongodb.net:27017 to client view of cluster
2026-04-01T22:11:53.709-05:00  INFO 23248 --- [Lobby-Service] [ngodb.net:27017] org.mongodb.driver.cluster               : Monitor thread successfully connected to server with description ServerDescription{address=ac-i8ebj3a-shard-00-01.h5zdq2x.mongodb.net:27017, type=REPLICA_SET_PRIMARY, cryptd=false, state=CONNECTED, ok=true, minWireVersion=0, maxWireVersion=25, maxDocumentSize=16777216, logicalSessionTimeoutMinutes=30, roundTripTimeNanos=548010999, minRoundTripTimeNanos=0, setName='atlas-14lq7g-shard-0', canonicalAddress=ac-i8ebj3a-shard-00-01.h5zdq2x.mongodb.net:27017, hosts=[ac-i8ebj3a-shard-00-00.h5zdq2x.mongodb.net:27017, ac-i8ebj3a-shard-00-01.h5zdq2x.mongodb.net:27017, ac-i8ebj3a-shard-00-02.h5zdq2x.mongodb.net:27017], passives=[], arbiters=[], primary='ac-i8ebj3a-shard-00-01.h5zdq2x.mongodb.net:27017', tagSet=TagSet{[Tag{name='availabilityZone', value='use1-az6'}, Tag{name='diskState', value='READY'}, Tag{name='nodeType', value='ELECTABLE'}, Tag{name='provider', value='AWS'}, Tag{name='region', value='US_EAST_1'}, Tag{name='workloadType', value='OPERATIONAL'}]}, electionId=7fffffff000000000000023a, setVersion=255, topologyVersion=TopologyVersion{processId=69b2f65b8f946c9f59b5a9cf, counter=6}, lastWriteDate=Wed Apr 01 22:11:51 COT 2026, lastUpdateTimeNanos=266325711568299}
2026-04-01T22:11:53.709-05:00  INFO 23248 --- [Lobby-Service] [ngodb.net:27017] org.mongodb.driver.cluster               : Monitor thread successfully connected to server with description ServerDescription{address=ac-i8ebj3a-shard-00-00.h5zdq2x.mongodb.net:27017, type=REPLICA_SET_SECONDARY, cryptd=false, state=CONNECTED, ok=true, minWireVersion=0, maxWireVersion=25, maxDocumentSize=16777216, logicalSessionTimeoutMinutes=30, roundTripTimeNanos=548010899, minRoundTripTimeNanos=0, setName='atlas-14lq7g-shard-0', canonicalAddress=ac-i8ebj3a-shard-00-00.h5zdq2x.mongodb.net:27017, hosts=[ac-i8ebj3a-shard-00-00.h5zdq2x.mongodb.net:27017, ac-i8ebj3a-shard-00-01.h5zdq2x.mongodb.net:27017, ac-i8ebj3a-shard-00-02.h5zdq2x.mongodb.net:27017], passives=[], arbiters=[], primary='ac-i8ebj3a-shard-00-01.h5zdq2x.mongodb.net:27017', tagSet=TagSet{[Tag{name='availabilityZone', value='use1-az4'}, Tag{name='diskState', value='READY'}, Tag{name='nodeType', value='ELECTABLE'}, Tag{name='provider', value='AWS'}, Tag{name='region', value='US_EAST_1'}, Tag{name='workloadType', value='OPERATIONAL'}]}, electionId=null, setVersion=255, topologyVersion=TopologyVersion{processId=69b2f43b682a4b128db416ff, counter=4}, lastWriteDate=Wed Apr 01 22:11:51 COT 2026, lastUpdateTimeNanos=266325711568299}
2026-04-01T22:11:53.709-05:00  INFO 23248 --- [Lobby-Service] [ngodb.net:27017] org.mongodb.driver.cluster               : Monitor thread successfully connected to server with description ServerDescription{address=ac-i8ebj3a-shard-00-02.h5zdq2x.mongodb.net:27017, type=REPLICA_SET_SECONDARY, cryptd=false, state=CONNECTED, ok=true, minWireVersion=0, maxWireVersion=25, maxDocumentSize=16777216, logicalSessionTimeoutMinutes=30, roundTripTimeNanos=548010699, minRoundTripTimeNanos=0, setName='atlas-14lq7g-shard-0', canonicalAddress=ac-i8ebj3a-shard-00-02.h5zdq2x.mongodb.net:27017, hosts=[ac-i8ebj3a-shard-00-00.h5zdq2x.mongodb.net:27017, ac-i8ebj3a-shard-00-01.h5zdq2x.mongodb.net:27017, ac-i8ebj3a-shard-00-02.h5zdq2x.mongodb.net:27017], passives=[], arbiters=[], primary='ac-i8ebj3a-shard-00-01.h5zdq2x.mongodb.net:27017', tagSet=TagSet{[Tag{name='availabilityZone', value='use1-az1'}, Tag{name='diskState', value='READY'}, Tag{name='nodeType', value='ELECTABLE'}, Tag{name='provider', value='AWS'}, Tag{name='region', value='US_EAST_1'}, Tag{name='workloadType', value='OPERATIONAL'}]}, electionId=null, setVersion=255, topologyVersion=TopologyVersion{processId=69b2f860b5e8e4da5da5d63b, counter=3}, lastWriteDate=Wed Apr 01 22:11:51 COT 2026, lastUpdateTimeNanos=266325711568299}
2026-04-01T22:11:53.714-05:00  INFO 23248 --- [Lobby-Service] [ngodb.net:27017] org.mongodb.driver.cluster               : Discovered replica set primary ac-i8ebj3a-shard-00-01.h5zdq2x.mongodb.net:27017 with max election id 7fffffff000000000000023a and max set version 255
2026-04-01T22:11:55.652-05:00  INFO 23248 --- [Lobby-Service] [           main] o.s.b.a.e.web.EndpointLinksResolver      : Exposing 1 endpoint beneath base path '/actuator'
2026-04-01T22:11:55.734-05:00  INFO 23248 --- [Lobby-Service] [           main] o.s.m.s.b.SimpleBrokerMessageHandler     : Starting...
2026-04-01T22:11:55.737-05:00  INFO 23248 --- [Lobby-Service] [           main] o.s.m.s.b.SimpleBrokerMessageHandler     : BrokerAvailabilityEvent[available=true, SimpleBrokerMessageHandler [org.springframework.messaging.simp.broker.DefaultSubscriptionRegistry@11fa11b2]]
2026-04-01T22:11:55.738-05:00  INFO 23248 --- [Lobby-Service] [           main] o.s.m.s.b.SimpleBrokerMessageHandler     : Started.
2026-04-01T22:11:55.760-05:00  INFO 23248 --- [Lobby-Service] [           main] c.F.L.LobbyServiceApplicationTests       : Started LobbyServiceApplicationTests in 7.634 seconds (process running for 9.133)
mvn : Mockito is currently self-attaching to enable the inline-mock-maker. 
This will no longer work in future releases of the JDK. Please add Mockito as 
an agent to your build as described in Mockito's documentation: https://javadoc
.io/doc/org.mockito/mockito-core/latest/org.mockito/org/mockito/Mockito.html#0.
3
En línea: 1 Carácter: 74
+ ... lub\lobby\Lobby-Service' ; mvn test -e > test-output.log 2>&1 ; Get-C ...
+                                ~~~~~~~~~~~~~~~~~~~~~~~~~~~~~~~~~~
    + CategoryInfo          : NotSpecified: (Mockito is curr...ockito.html#0.3 
   :String) [], RemoteException
    + FullyQualifiedErrorId : NativeCommandError
 
WARNING: A Java agent has been loaded dynamically (C:\Users\range\.m2\repositor
y\net\bytebuddy\byte-buddy-agent\1.17.8\byte-buddy-agent-1.17.8.jar)
WARNING: If a serviceability tool is in use, please run with 
-XX:+EnableDynamicAgentLoading to hide this warning
WARNING: If a serviceability tool is not in use, please run with 
-Djdk.instrument.traceUsage for more information
WARNING: Dynamic loading of agents will be disallowed by default in a future 
release
Java HotSpot(TM) 64-Bit Server VM warning: Sharing is only supported for boot 
loader classes because bootstrap classpath has been appended
[INFO] Tests run: 1, Failures: 0, Errors: 0, Skipped: 0, Time elapsed: 9.285 s -- in com.FightClub.Lobby_Service.LobbyServiceApplicationTests
[INFO] 
[INFO] Results:
[INFO] 
[INFO] Tests run: 1, Failures: 0, Errors: 0, Skipped: 0
[INFO] 
[INFO] ------------------------------------------------------------------------
[INFO] BUILD SUCCESS
[INFO] ------------------------------------------------------------------------
[INFO] Total time:  13.653 s
[INFO] Finished at: 2026-04-01T22:11:57-05:00
[INFO] ------------------------------------------------------------------------
